[0.015s][info][gc] Using The Z Garbage Collector
[0.179s][info][gc] GC(0) Garbage Collection (Warmup) 4M(17%)->4M(17%)
[3.199s][info][gc] GC(1) Garbage Collection (Warmup) 6M(25%)->2M(8%)
[3.604s][info][gc] GC(2) Garbage Collection (Warmup) 10M(42%)->6M(25%)
[4.031s][info][gc] GC(3) Garbage Collection (Allocation Rate) 12M(50%)->8M(33%)
[4.104s][info][gc] GC(4) Garbage Collection (Allocation Rate) 8M(33%)->6M(25%)
[4.988s][info][gc] GC(5) Garbage Collection (Allocation Rate) 18M(75%)->10M(42%)
[14.690s][info][gc] GC(6) Garbage Collection (Proactive) 14M(58%)->12M(50%)
[18.870s][info][gc] Allocation Stall (main) 23.634ms
[18.871s][info][gc] GC(7) Garbage Collection (Allocation Stall) 24M(100%)->14M(58%)
[18.892s][info][gc] Allocation Stall (main) 8.756ms
[18.895s][info][gc] GC(8) Garbage Collection (Allocation Stall) 24M(100%)->14M(58%)
[19.082s][info][gc] GC(9) Garbage Collection (Allocation Rate) 22M(92%)->10M(42%)
[19.260s][info][gc] GC(10) Garbage Collection (Allocation Rate) 10M(42%)->10M(42%)
[19.387s][info][gc] GC(11) Garbage Collection (Allocation Rate) 10M(42%)->10M(42%)
[19.475s][info][gc] GC(12) Garbage Collection (Allocation Rate) 10M(42%)->10M(42%)
[19.573s][info][gc] GC(13) Garbage Collection (Allocation Rate) 10M(42%)->10M(42%)
[19.675s][info][gc] GC(14) Garbage Collection (Allocation Rate) 10M(42%)->10M(42%)
[19.780s][info][gc] GC(15) Garbage Collection (Allocation Rate) 10M(42%)->10M(42%)
[20.032s][info][gc] GC(16) Garbage Collection (Allocation Rate) 12M(50%)->12M(50%)
[20.085s][info][gc] GC(17) Garbage Collection (Allocation Rate) 12M(50%)->12M(50%)
[20.171s][info][gc] GC(18) Garbage Collection (Allocation Rate) 12M(50%)->10M(42%)
[20.269s][info][gc] GC(19) Garbage Collection (Allocation Rate) 10M(42%)->10M(42%)
[20.370s][info][gc] GC(20) Garbage Collection (Allocation Rate) 10M(42%)->10M(42%)
[20.474s][info][gc] GC(21) Garbage Collection (Allocation Rate) 10M(42%)->10M(42%)
[20.579s][info][gc] GC(22) Garbage Collection (Allocation Rate) 10M(42%)->10M(42%)
[26.781s][info][gc] GC(23) Garbage Collection (Proactive) 14M(58%)->12M(50%)
[37.080s][info][gc] GC(24) Garbage Collection (Proactive) 16M(67%)->12M(50%)
[48.087s][info][gc] GC(25) Garbage Collection (Proactive) 16M(67%)->12M(50%)
[60.178s][info][gc] GC(26) Garbage Collection (Proactive) 16M(67%)->12M(50%)
[71.181s][info][gc] GC(27) Garbage Collection (Proactive) 16M(67%)->12M(50%)
[83.232s][info][gc] GC(28) Garbage Collection (Proactive) 16M(67%)->14M(58%)
[112.321s][info][gc] GC(29) Garbage Collection (Proactive) 18M(75%)->14M(58%)
[135.401s][info][gc] GC(30) Garbage Collection (Proactive) 18M(75%)->10M(42%)
[140.986s][info][gc] GC(31) Garbage Collection (Proactive) 14M(58%)->12M(50%)
[155.486s][info][gc] GC(32) Garbage Collection (Proactive) 16M(67%)->12M(50%)
